clang version 7.0.0-3~ubuntu0.18.04.1 (tags/RELEASE_700/final)
gcc -g p7final.c
 ./a.out
enter n
5
enter array number
2
enter array number
3
enter array number
4
enter array number
5
enter array number
6
sum is 20 
 gdb a.out
GNU gdb (Ubuntu 8.1.1-0ubuntu1) 8.1.1
Copyright (C) 2018 Free Software Foundation, Inc.
License GPLv3+: GNU GPL version 3 or later <http://gnu.org/licenses/gpl.html>
This is free software: you are free to change and redistribute it.
There is NO WARRANTY, to the extent permitted by law.  Type "show copying"
and "show warranty" for details.
This GDB was configured as "x86_64-linux-gnu".
Type "show configuration" for configuration details.
For bug reporting instructions, please see:
<http://www.gnu.org/software/gdb/bugs/>.
Find the GDB manual and other documentation resources online at:
<http://www.gnu.org/software/gdb/documentation/>.
For help, type "help".
Type "apropos word" to search for commands related to "word"...
Reading symbols from a.out...done.
(gdb) b main 
Breakpoint 1 at 0x88a: file p7final.c, line 32.
(gdb) r
Starting program: /home/runner/pps-test1-Mohammed075-6/a.out 
warning: Error disabling address space randomization: Operation not permitted

Breakpoint 1, main () at p7final.c:32
32  {
(gdb) n
34    n=input();
(gdb) n
enter n
5
35    aray(n,a);
(gdb) n
enter array number
2
enter array number
3
enter array number
4
enter array number
5
enter array number
6
36    sum=add(n,a);
(gdb) n
37    output(sum);
(gdb) n
38    return 0;
(gdb) c
Continuing.
sum is 20[Inferior 1 (process 290) exited normally]
(gdb) 